// Jest Snapshot v1, https://goo.gl/fbAQLP

exports[`<Header /> renders correctly 1`] = `
<header
  className="counter-App"
>
  <h1>
    React App
  </h1>
</header>
`;
