// Jest Snapshot v1, https://goo.gl/fbAQLP

exports[`<Footer /> renders correctly 1`] = `
<footer>
  <p>
    CopyRight@Qusai-alhanaktah2020
  </p>
</footer>
`;
